{smcl}
{com}{sf}{ul off}{txt}
{com}. 
. // ==========================================================================
. 
. /*
> file name - B23001.do
> 
> project name - Employment Status
> 
> purpose - Labels variables from the 2015 ACS
> 
> created - Febuary 7, 2017
> 
> updated - Febuary 7, 2017
> 
> author - Jes Stevens
> */
. 
. // ==========================================================================
. 
. /*
> full description -
> This do file renames the 2015 acs Variables.
> */
. 
. /*
> updates -
> none
> */
. 
. // ==========================================================================
. 
. /*
> superordinates  -
> - ACS_15_5YR_B23025.dta
> */
. 
. /*
> subordinates -
> 
> */
. 
. // ==========================================================================
. 
. 
. // ==========================================================================
. // ==========================================================================
. // ==========================================================================
. 
. use "$projName/employmentStatus.dta"
{txt}
{com}. drop geoid
{txt}
{com}. /***
> Drops variable from set for later merge.
> ***/
. 
. rename geoid2 tractid
{res}{txt}
{com}. label variable tractid "TRTID10"
{txt}
{com}. /***
> Renames and labels variable to match variable name for later merge
> ***/
. 
. rename hd01_vd03 clf15a
{res}{txt}
{com}. rename hd02_vd03 clf15aME
{res}{txt}
{com}. rename hd01_vd05 unemp15a
{res}{txt}
{com}. rename hd02_vd05 unemp15aME
{res}{txt}
{com}. /***
> Renames variables to match variables from previous census datasets for later merge.
> ***/
. 
. label variable clf15a "Civilian Labor Force 16 Years and Over"
{txt}
{com}. label variable clf15aME "Civilian Labor Force 16 Years and Over Margin of Error"
{txt}
{com}. label variable unemp15a "Unemployed"
{txt}
{com}. label variable unemp15aME "Unemployed Margin of Error"
{txt}
{com}. /***
> Labels variable from set to match.
> ***/
. 
. 
. 
. keep tractid geodisplaylabel clf15a clf15aME unemp15a unemp15aME
{txt}
{com}. 
. // ==========================================================================
. // ==========================================================================
. // ==========================================================================
. 
. // end MarkDoc log
. quietly log close markdoc
{smcl}
{com}{sf}{ul off}